2026-06-04 00:09:20.967 DEBUG (rank 0): console_logging_level: INFO
dtype: float64
jac_chunk_size: auto
rf_normalization: leading_eig
run_dir: sample_efficiency/mace_mh/0/20
save_every_model: False
save_fmaps: False
scale_by_species: True
seed: 1337
backbone:
    family: mace
    interaction_block: 2
    path_or_id: mace_mh/0
best_model_selection:
    - energy_MAE
    - forces_MAE_species_average
dataset:
    max_train_samples: 20
    name: null
    test_path: null
    train_path: train.xyz
    val_path: val.xyz
metrics:
    - energy_MAE
    - forces_MAE
    - forces_MAE_species
rfs:
    length_scale:
      num: null
      scale: null
      start: null
      stop: null
      value: 10.0
      values: null
    num_random_features: 8192
    rf_type: gaussian
    rng_seed: 1337
    use_offset: 'True'
solver:
    force_weight:
      num: null
      scale: null
      start: null
      stop: null
      value: 0.5
      values: null
    l2_penalty:
      num: null
      scale: null
      start: null
      stop: null
      value: 1.0e-08
      values: null

2026-06-04 00:09:20.968 INFO (rank 0): Initializing default cache directory at /leonardo/home/userexternal/lbonati1/.franken
2026-06-04 00:09:20.987 INFO (rank 3): Initializing default cache directory at /leonardo/home/userexternal/lbonati1/.franken
2026-06-04 00:09:20.987 INFO (rank 1): Initializing default cache directory at /leonardo/home/userexternal/lbonati1/.franken
2026-06-04 00:09:20.987 INFO (rank 2): Initializing default cache directory at /leonardo/home/userexternal/lbonati1/.franken
2026-06-04 00:09:20.988 INFO (rank 0): Run folder: sample_efficiency/mace_mh/0/20/run_260604_000920_66771424
2026-06-04 00:09:26.002 DEBUG (rank 3): Autotune iteration with RF parameters GaussianRFConfig(num_random_features=8192, length_scale=10.0, use_offset='True', rng_seed=1337)
2026-06-04 00:09:26.002 DEBUG (rank 2): Autotune iteration with RF parameters GaussianRFConfig(num_random_features=8192, length_scale=10.0, use_offset='True', rng_seed=1337)
2026-06-04 00:09:26.003 DEBUG (rank 0): Autotune iteration with RF parameters GaussianRFConfig(num_random_features=8192, length_scale=10.0, use_offset='True', rng_seed=1337)
2026-06-04 00:09:26.003 DEBUG (rank 1): Autotune iteration with RF parameters GaussianRFConfig(num_random_features=8192, length_scale=10.0, use_offset='True', rng_seed=1337)
2026-06-04 00:09:37.139 INFO (rank 0): jacobian chunk size automatically set to 128
2026-06-04 00:09:37.605 INFO (rank 1): jacobian chunk size automatically set to 128
2026-06-04 00:09:37.900 INFO (rank 3): jacobian chunk size automatically set to 128
2026-06-04 00:09:39.035 INFO (rank 2): jacobian chunk size automatically set to 128
2026-06-04 00:09:45.782 WARNING (rank 0): `leading_eig` normalization has high memory usage. If you encounter OOM errors try to disable it.
2026-06-04 00:09:46.534 WARNING (rank 1): `leading_eig` normalization has high memory usage. If you encounter OOM errors try to disable it.
2026-06-04 00:09:48.069 WARNING (rank 3): `leading_eig` normalization has high memory usage. If you encounter OOM errors try to disable it.
2026-06-04 00:09:48.738 WARNING (rank 2): `leading_eig` normalization has high memory usage. If you encounter OOM errors try to disable it.
2026-06-04 00:09:49.888 DEBUG (rank 0): Retrieved 1 logs.
2026-06-04 00:09:49.888 DEBUG (rank 2): Retrieved 1 logs.
2026-06-04 00:09:49.888 DEBUG (rank 1): Retrieved 1 logs.
2026-06-04 00:09:49.888 DEBUG (rank 3): Retrieved 1 logs.
2026-06-04 00:09:50.347 DEBUG (rank 0): Identified new best model: <LogEntry hash=39fc792e40c5d6bd98e6636995561c66, id=0>
2026-06-04 00:09:50.360 DEBUG (rank 0): Saved best model (within-experiment ID=0) to sample_efficiency/mace_mh/0/20/run_260604_000920_66771424/best_ckpt.pt
2026-06-04 00:09:50.361 INFO (rank 0): Trial   1 | rf_type: gaussian | num_random_features:  8192   | length_scale: 10.000  | use_offset:  True   | rng_seed:  1337   | Best trial 1 (energy 1.21 meV/atom - forces 59.0 meV/Ang)
